
Intel ACPI Component Architecture
ASL+ Optimizing Compiler version 20160422-64(RM)
Copyright (c) 2000 - 2016 Intel Corporation

Compilation of "SSDT-XHUB.asl" - Wed Dec 24 15:07:56 2025

       1:  DefinitionBlock ("", "SSDT", 2, "HACK", "XHUB", 0x00000000)

00000000:  53 53 44 54 0F 06 00 00     "SSDT...."
00000008:  02 F9 48 41 43 4B 00 00     "..HACK.."
00000010:  58 48 55 42 00 00 00 00     "XHUB...."
00000018:  00 00 00 00 49 4E 54 4C     "....INTL"
00000020:  22 04 16 20 ............    "".. "
00000024:  A0 28 00 ...............    ".(."
00000027:  15 2F 03 5F 53 42 5F 50     "./._SB_P"
0000002F:  43 49 30 58 48 43 5F 06     "CI0XHC_."
00000037:  00 .....................    "."
00000038:  15 2F 04 5F 53 42 5F 50     "./._SB_P"
00000040:  43 49 30 58 48 43 5F 52     "CI0XHC_R"
00000048:  48 55 42 06 00 .........    "HUB.."

       2:  {
       3:      External (_SB_.PCI0.XHC_, DeviceObj)
       4:      External (_SB_.PCI0.XHC_.RHUB, DeviceObj)
       6:      Scope (\_SB.PCI0.XHC.RHUB)

0000004D:  10 2E 5C 2F 04 5F 53 42     "..\/._SB"
00000055:  5F 50 43 49 30 58 48 43     "_PCI0XHC"
0000005D:  5F 52 48 55 42 .........    "_RHUB"

       7:      {
       8:          Method (_STA, 0, NotSerialized)  // _STA: Status

00000062:  14 19 5F 53 54 41 00 ...    ".._STA."

       9:          {
      10:              If (_OSI ("Darwin"))

00000069:  A0 0F ..................    ".."
0000006B:  5F 4F 53 49 0D 44 61 72     "_OSI.Dar"
00000073:  77 69 6E 00 ............    "win."

      11:              {
      12:                  Return (Zero)

00000077:  A4 00 ..................    ".."

      13:              }
      15:              Return (0x0F)

00000079:  A4 0A 0F ...............    "..."

      16:          }
      17:      }
      19:      Scope (\)

0000007C:  10 49 0F 5C 00 .........    ".I.\."

      20:      {
      21:          Name (UHSD, Package (0x0C)
      22:          {
      23:              One,
      24:              One,
      25:              One,
      26:              Zero,
      27:              One,
      28:              One,
      29:              Zero,
      30:              Zero,
      31:              Zero,
      32:              Zero,
      33:              Zero,
      34:              One
      35:          })

00000081:  08 55 48 53 44 .........    ".UHSD"
00000086:  12 0E 0C 01 01 01 00 01     "........"
0000008E:  01 00 00 00 00 00 01 ...    "......."

      36:          Name (USSD, Package (0x06)
      37:          {
      38:              One,
      39:              One,
      40:              Zero,
      41:              Zero,
      42:              Zero,
      43:              Zero
      44:          })

00000095:  08 55 53 53 44 .........    ".USSD"
0000009A:  12 08 06 01 01 00 00 00     "........"
000000A2:  00 .....................    "."

      45:          Method (GUPC, 2, Serialized)

000000A3:  14 29 47 55 50 43 0A ...    ".)GUPC."

      46:          {
      47:              Name (PCKG, Package (0x04)
      48:              {
      49:                  Zero,
      50:                  Zero,
      51:                  Zero,
      52:                  Zero
      53:              })

000000AA:  08 50 43 4B 47 .........    ".PCKG"
000000AF:  12 06 04 00 00 00 00 ...    "......."

      54:              PCKG [Zero] = Arg0

000000B6:  70 68 ..................    "ph"
000000B8:  88 50 43 4B 47 00 00 ...    ".PCKG.."

      55:              PCKG [One] = Arg1

000000BF:  70 69 ..................    "pi"
000000C1:  88 50 43 4B 47 01 00 ...    ".PCKG.."

      56:              Return (PCKG)

000000C8:  A4 50 43 4B 47 .........    ".PCKG"

      57:          }
      59:          Method (GPLD, 2, Serialized)

000000CD:  14 48 0A 47 50 4C 44 0A     ".H.GPLD."

      60:          {
      61:              Name (PCKG, Package (0x01)

[****iasl****]
SSDT-XHUB.asl     61:             Name (PCKG, Package (0x01)
Optimize 1039 -                                          ^ Integer optimized to single-byte AML opcode (One)


      62:              {
      63:                  Buffer (0x10) {}
      64:              })

000000D5:  08 50 43 4B 47 .........    ".PCKG"
000000DA:  12 06 01 ...............    "..."
000000DD:  11 03 0A 10 ............    "...."

      65:              CreateField (DerefOf (PCKG [Zero]), Zero, 0x07, REV)

000000E1:  5B 13 ..................    "[."
000000E3:  83 .....................    "."
000000E4:  88 50 43 4B 47 00 00 00     ".PCKG..."
000000EC:  0A 07 52 45 56 5F ......    "..REV_"

      66:              REV = 0x02

000000F2:  70 0A 02 52 45 56 5F ...    "p..REV_"

      67:              CreateField (DerefOf (PCKG [Zero]), 0x07, One, ICOL)

000000F9:  5B 13 ..................    "[."
000000FB:  83 .....................    "."
000000FC:  88 50 43 4B 47 00 00 0A     ".PCKG..."
00000104:  07 01 49 43 4F 4C ......    "..ICOL"

      68:              ICOL = One

0000010A:  70 01 49 43 4F 4C ......    "p.ICOL"

      69:              CreateField (DerefOf (PCKG [Zero]), 0x40, One, VISI)

00000110:  5B 13 ..................    "[."
00000112:  83 .....................    "."
00000113:  88 50 43 4B 47 00 00 0A     ".PCKG..."
0000011B:  40 01 56 49 53 49 ......    "@.VISI"

      70:              VISI = Arg0

00000121:  70 68 56 49 53 49 ......    "phVISI"

      71:              CreateField (DerefOf (PCKG [Zero]), 0x43, 0x03, PANL)

00000127:  5B 13 ..................    "[."
00000129:  83 .....................    "."
0000012A:  88 50 43 4B 47 00 00 0A     ".PCKG..."
00000132:  43 0A 03 50 41 4E 4C ...    "C..PANL"

      72:              PANL = 0x06

00000139:  70 0A 06 50 41 4E 4C ...    "p..PANL"

      73:              CreateField (DerefOf (PCKG [Zero]), 0x4A, 0x04, SHAP)

00000140:  5B 13 ..................    "[."
00000142:  83 .....................    "."
00000143:  88 50 43 4B 47 00 00 0A     ".PCKG..."
0000014B:  4A 0A 04 53 48 41 50 ...    "J..SHAP"

      74:              SHAP = 0x07

00000152:  70 0A 07 53 48 41 50 ...    "p..SHAP"

      75:              CreateField (DerefOf (PCKG [Zero]), 0x57, 0x08, GPOS)

00000159:  5B 13 ..................    "[."
0000015B:  83 .....................    "."
0000015C:  88 50 43 4B 47 00 00 0A     ".PCKG..."
00000164:  57 0A 08 47 50 4F 53 ...    "W..GPOS"

      76:              GPOS = Arg1

0000016B:  70 69 47 50 4F 53 ......    "piGPOS"

      77:              Return (PCKG)

00000171:  A4 50 43 4B 47 .........    ".PCKG"

      78:          }
      79:      }
      81:      Scope (\_SB.PCI0.XHC)

00000176:  10 48 49 5C 2F 03 5F 53     ".HI\/._S"
0000017E:  42 5F 50 43 49 30 58 48     "B_PCI0XH"
00000186:  43 5F ..................    "C_"

      82:      {
      83:          OperationRegion (ZPRT, PCI_Config, 0x74, 0x02)

00000188:  5B 80 5A 50 52 54 02 0A     "[.ZPRT.."
00000190:  74 0A 02 ...............    "t.."

      84:          Field (ZPRT, AnyAcc, NoLock, Preserve)
      85:          {
      86:              Offset (0x01),
      87:              PMEE,   1
      88:          }

00000193:  5B 81 0D 5A 50 52 54 00     "[..ZPRT."
0000019B:  00 08 50 4D 45 45 01 ...    "..PMEE."

      90:          Method (_PSW, 1, NotSerialized)  // _PSW: Power State Wake

000001A2:  14 1A 5F 50 53 57 01 ...    ".._PSW."

      91:          {
      92:              If (_OSI ("Darwin"))

000001A9:  A0 13 ..................    ".."
000001AB:  5F 4F 53 49 0D 44 61 72     "_OSI.Dar"
000001B3:  77 69 6E 00 ............    "win."

      93:              {
      94:                  PMEE = Zero

000001B7:  70 00 50 4D 45 45 ......    "p.PMEE"

      95:              }
      96:          }
      98:          Device (XHUB)

000001BD:  5B 82 40 45 58 48 55 42     "[.@EXHUB"

      99:          {
     100:              Name (_ADR, Zero)  // _ADR: Address

000001C5:  08 5F 41 44 52 00 ......    "._ADR."

     101:              Method (_STA, 0, NotSerialized)  // _STA: Status

000001CB:  14 19 5F 53 54 41 00 ...    ".._STA."

     102:              {
     103:                  If (_OSI ("Darwin"))

000001D2:  A0 10 ..................    ".."
000001D4:  5F 4F 53 49 0D 44 61 72     "_OSI.Dar"
000001DC:  77 69 6E 00 ............    "win."

     104:                  {
     105:                      Return (0x0F)

000001E0:  A4 0A 0F ...............    "..."

     106:                  }
     108:                  Return (Zero)

000001E3:  A4 00 ..................    ".."

     109:              }
     111:              Device (HS01)

000001E5:  5B 82 36 48 53 30 31 ...    "[.6HS01"

     112:              {
     113:                  Name (_ADR, One)  // _ADR: Address

000001EC:  08 5F 41 44 52 01 ......    "._ADR."

     114:                  Method (_UPC, 0, Serialized)  // _UPC: USB Port Capabilities

000001F2:  14 15 5F 55 50 43 08 ...    ".._UPC."

     115:                  {
     116:                      Return (GUPC (DerefOf (UHSD [Zero]), 0x03))

000001F9:  A4 .....................    "."
000001FA:  47 55 50 43 ............    "GUPC"
000001FE:  83 .....................    "."
000001FF:  88 55 48 53 44 00 00 0A     ".UHSD..."
00000207:  03 .....................    "."

     117:                  }
     119:                  Method (_PLD, 0, Serialized)  // _PLD: Physical Location of Device

00000208:  14 14 5F 50 4C 44 08 ...    ".._PLD."

     120:                  {
     121:                      Return (GPLD (DerefOf (UHSD [Zero]), One))

0000020F:  A4 .....................    "."
00000210:  47 50 4C 44 ............    "GPLD"
00000214:  83 .....................    "."
00000215:  88 55 48 53 44 00 00 01     ".UHSD..."

     122:                  }
     123:              }
     125:              Device (HS02)

0000021D:  5B 82 38 48 53 30 32 ...    "[.8HS02"

     126:              {
     127:                  Name (_ADR, 0x02)  // _ADR: Address

00000224:  08 5F 41 44 52 0A 02 ...    "._ADR.."

     128:                  Method (_UPC, 0, Serialized)  // _UPC: USB Port Capabilities

0000022B:  14 15 5F 55 50 43 08 ...    ".._UPC."

     129:                  {
     130:                      Return (GUPC (DerefOf (UHSD [One]), 0x03))

00000232:  A4 .....................    "."
00000233:  47 55 50 43 ............    "GUPC"
00000237:  83 .....................    "."
00000238:  88 55 48 53 44 01 00 0A     ".UHSD..."
00000240:  03 .....................    "."

     131:                  }
     133:                  Method (_PLD, 0, Serialized)  // _PLD: Physical Location of Device

00000241:  14 15 5F 50 4C 44 08 ...    ".._PLD."

     134:                  {
     135:                      Return (GPLD (DerefOf (UHSD [One]), 0x02))

00000248:  A4 .....................    "."
00000249:  47 50 4C 44 ............    "GPLD"
0000024D:  83 .....................    "."
0000024E:  88 55 48 53 44 01 00 0A     ".UHSD..."
00000256:  02 .....................    "."

     136:                  }
     137:              }
     139:              Device (HS03)

00000257:  5B 82 39 48 53 30 33 ...    "[.9HS03"

     140:              {
     141:                  Name (_ADR, 0x03)  // _ADR: Address

0000025E:  08 5F 41 44 52 0A 03 ...    "._ADR.."

     142:                  Method (_UPC, 0, Serialized)  // _UPC: USB Port Capabilities

00000265:  14 15 5F 55 50 43 08 ...    ".._UPC."

     143:                  {
     144:                      Return (GUPC (DerefOf (UHSD [0x02]), Zero))

0000026C:  A4 .....................    "."
0000026D:  47 55 50 43 ............    "GUPC"
00000271:  83 .....................    "."
00000272:  88 55 48 53 44 0A 02 00     ".UHSD..."
0000027A:  00 .....................    "."

     145:                  }
     147:                  Method (_PLD, 0, Serialized)  // _PLD: Physical Location of Device

0000027B:  14 16 5F 50 4C 44 08 ...    ".._PLD."

     148:                  {
     149:                      Return (GPLD (DerefOf (UHSD [0x02]), 0x03))

00000282:  A4 .....................    "."
00000283:  47 50 4C 44 ............    "GPLD"
00000287:  83 .....................    "."
00000288:  88 55 48 53 44 0A 02 00     ".UHSD..."
00000290:  0A 03 ..................    ".."

     150:                  }
     151:              }
     153:              Device (HS04)

00000292:  5B 82 39 48 53 30 34 ...    "[.9HS04"

     154:              {
     155:                  Name (_ADR, 0x04)  // _ADR: Address

00000299:  08 5F 41 44 52 0A 04 ...    "._ADR.."

     156:                  Method (_UPC, 0, Serialized)  // _UPC: USB Port Capabilities

000002A0:  14 15 5F 55 50 43 08 ...    ".._UPC."

     157:                  {
     158:                      Return (GUPC (DerefOf (UHSD [0x03]), Zero))

000002A7:  A4 .....................    "."
000002A8:  47 55 50 43 ............    "GUPC"
000002AC:  83 .....................    "."
000002AD:  88 55 48 53 44 0A 03 00     ".UHSD..."
000002B5:  00 .....................    "."

     159:                  }
     161:                  Method (_PLD, 0, Serialized)  // _PLD: Physical Location of Device

000002B6:  14 16 5F 50 4C 44 08 ...    ".._PLD."

     162:                  {
     163:                      Return (GPLD (DerefOf (UHSD [0x03]), 0x04))

000002BD:  A4 .....................    "."
000002BE:  47 50 4C 44 ............    "GPLD"
000002C2:  83 .....................    "."
000002C3:  88 55 48 53 44 0A 03 00     ".UHSD..."
000002CB:  0A 04 ..................    ".."

     164:                  }
     165:              }
     167:              Device (HS05)

000002CD:  5B 82 47 07 48 53 30 35     "[.G.HS05"

     168:              {
     169:                  Name (_ADR, 0x05)  // _ADR: Address

000002D5:  08 5F 41 44 52 0A 05 ...    "._ADR.."

     170:                  Method (_UPC, 0, Serialized)  // _UPC: USB Port Capabilities

000002DC:  14 16 5F 55 50 43 08 ...    ".._UPC."

     171:                  {
     172:                      Return (GUPC (DerefOf (UHSD [0x04]), 0xFF))

000002E3:  A4 .....................    "."
000002E4:  47 55 50 43 ............    "GUPC"
000002E8:  83 .....................    "."
000002E9:  88 55 48 53 44 0A 04 00     ".UHSD..."
000002F1:  0A FF ..................    ".."

     173:                  }
     175:                  Method (_PLD, 0, Serialized)  // _PLD: Physical Location of Device

000002F3:  14 16 5F 50 4C 44 08 ...    ".._PLD."

     176:                  {
     177:                      Return (GPLD (DerefOf (UHSD [0x04]), 0x05))

000002FA:  A4 .....................    "."
000002FB:  47 50 4C 44 ............    "GPLD"
000002FF:  83 .....................    "."
00000300:  88 55 48 53 44 0A 04 00     ".UHSD..."
00000308:  0A 05 ..................    ".."

     178:                  }
     180:                  Device (WCAM)

0000030A:  5B 82 3A 57 43 41 4D ...    "[.:WCAM"

     181:                  {
     182:                      Name (_ADR, 0x05)  // _ADR: Address

00000311:  08 5F 41 44 52 0A 05 ...    "._ADR.."

     183:                      Method (_UPC, 0, Serialized)  // _UPC: USB Port Capabilities

00000318:  14 16 5F 55 50 43 08 ...    ".._UPC."

     184:                      {
     185:                          Return (GUPC (DerefOf (UHSD [0x05]), 0xFF))

0000031F:  A4 .....................    "."
00000320:  47 55 50 43 ............    "GUPC"
00000324:  83 .....................    "."
00000325:  88 55 48 53 44 0A 05 00     ".UHSD..."
0000032D:  0A FF ..................    ".."

     186:                      }
     188:                      Method (_PLD, 0, Serialized)  // _PLD: Physical Location of Device

0000032F:  14 16 5F 50 4C 44 08 ...    ".._PLD."

     189:                      {
     190:                          Return (GPLD (DerefOf (UHSD [0x05]), 0x06))

00000336:  A4 .....................    "."
00000337:  47 50 4C 44 ............    "GPLD"
0000033B:  83 .....................    "."
0000033C:  88 55 48 53 44 0A 05 00     ".UHSD..."
00000344:  0A 06 ..................    ".."

     191:                      }
     192:                  }
     193:              }
     195:              Device (HS06)

00000346:  5B 82 47 07 48 53 30 36     "[.G.HS06"

     196:              {
     197:                  Name (_ADR, 0x06)  // _ADR: Address

0000034E:  08 5F 41 44 52 0A 06 ...    "._ADR.."

     198:                  Method (_UPC, 0, Serialized)  // _UPC: USB Port Capabilities

00000355:  14 16 5F 55 50 43 08 ...    ".._UPC."

     199:                  {
     200:                      Return (GUPC (DerefOf (UHSD [0x06]), 0xFF))

0000035C:  A4 .....................    "."
0000035D:  47 55 50 43 ............    "GUPC"
00000361:  83 .....................    "."
00000362:  88 55 48 53 44 0A 06 00     ".UHSD..."
0000036A:  0A FF ..................    ".."

     201:                  }
     203:                  Method (_PLD, 0, Serialized)  // _PLD: Physical Location of Device

0000036C:  14 16 5F 50 4C 44 08 ...    ".._PLD."

     204:                  {
     205:                      Return (GPLD (DerefOf (UHSD [0x06]), 0x07))

00000373:  A4 .....................    "."
00000374:  47 50 4C 44 ............    "GPLD"
00000378:  83 .....................    "."
00000379:  88 55 48 53 44 0A 06 00     ".UHSD..."
00000381:  0A 07 ..................    ".."

     206:                  }
     208:                  Device (ICAM)

00000383:  5B 82 3A 49 43 41 4D ...    "[.:ICAM"

     209:                  {
     210:                      Name (_ADR, 0x06)  // _ADR: Address

0000038A:  08 5F 41 44 52 0A 06 ...    "._ADR.."

     211:                      Method (_UPC, 0, Serialized)  // _UPC: USB Port Capabilities

00000391:  14 16 5F 55 50 43 08 ...    ".._UPC."

     212:                      {
     213:                          Return (GUPC (DerefOf (UHSD [0x07]), 0xFF))

00000398:  A4 .....................    "."
00000399:  47 55 50 43 ............    "GUPC"
0000039D:  83 .....................    "."
0000039E:  88 55 48 53 44 0A 07 00     ".UHSD..."
000003A6:  0A FF ..................    ".."

     214:                      }
     216:                      Method (_PLD, 0, Serialized)  // _PLD: Physical Location of Device

000003A8:  14 16 5F 50 4C 44 08 ...    ".._PLD."

     217:                      {
     218:                          Return (GPLD (DerefOf (UHSD [0x07]), 0x08))

000003AF:  A4 .....................    "."
000003B0:  47 50 4C 44 ............    "GPLD"
000003B4:  83 .....................    "."
000003B5:  88 55 48 53 44 0A 07 00     ".UHSD..."
000003BD:  0A 08 ..................    ".."

     219:                      }
     220:                  }
     221:              }
     223:              Device (HS07)

000003BF:  5B 82 39 48 53 30 37 ...    "[.9HS07"

     224:              {
     225:                  Name (_ADR, 0x07)  // _ADR: Address

000003C6:  08 5F 41 44 52 0A 07 ...    "._ADR.."

     226:                  Method (_UPC, 0, Serialized)  // _UPC: USB Port Capabilities

000003CD:  14 15 5F 55 50 43 08 ...    ".._UPC."

     227:                  {
     228:                      Return (GUPC (DerefOf (UHSD [0x08]), Zero))

000003D4:  A4 .....................    "."
000003D5:  47 55 50 43 ............    "GUPC"
000003D9:  83 .....................    "."
000003DA:  88 55 48 53 44 0A 08 00     ".UHSD..."
000003E2:  00 .....................    "."

     229:                  }
     231:                  Method (_PLD, 0, Serialized)  // _PLD: Physical Location of Device

000003E3:  14 16 5F 50 4C 44 08 ...    ".._PLD."

     232:                  {
     233:                      Return (GPLD (DerefOf (UHSD [0x08]), 0x09))

000003EA:  A4 .....................    "."
000003EB:  47 50 4C 44 ............    "GPLD"
000003EF:  83 .....................    "."
000003F0:  88 55 48 53 44 0A 08 00     ".UHSD..."
000003F8:  0A 09 ..................    ".."

     234:                  }
     235:              }
     237:              Device (HS08)

000003FA:  5B 82 39 48 53 30 38 ...    "[.9HS08"

     238:              {
     239:                  Name (_ADR, 0x08)  // _ADR: Address

00000401:  08 5F 41 44 52 0A 08 ...    "._ADR.."

     240:                  Method (_UPC, 0, Serialized)  // _UPC: USB Port Capabilities

00000408:  14 15 5F 55 50 43 08 ...    ".._UPC."

     241:                  {
     242:                      Return (GUPC (DerefOf (UHSD [0x09]), Zero))

0000040F:  A4 .....................    "."
00000410:  47 55 50 43 ............    "GUPC"
00000414:  83 .....................    "."
00000415:  88 55 48 53 44 0A 09 00     ".UHSD..."
0000041D:  00 .....................    "."

     243:                  }
     245:                  Method (_PLD, 0, Serialized)  // _PLD: Physical Location of Device

0000041E:  14 16 5F 50 4C 44 08 ...    ".._PLD."

     246:                  {
     247:                      Return (GPLD (DerefOf (UHSD [0x09]), 0x0A))

00000425:  A4 .....................    "."
00000426:  47 50 4C 44 ............    "GPLD"
0000042A:  83 .....................    "."
0000042B:  88 55 48 53 44 0A 09 00     ".UHSD..."
00000433:  0A 0A ..................    ".."

     248:                  }
     249:              }
     251:              Device (HS09)

00000435:  5B 82 39 48 53 30 39 ...    "[.9HS09"

     252:              {
     253:                  Name (_ADR, 0x09)  // _ADR: Address

0000043C:  08 5F 41 44 52 0A 09 ...    "._ADR.."

     254:                  Method (_UPC, 0, Serialized)  // _UPC: USB Port Capabilities

00000443:  14 15 5F 55 50 43 08 ...    ".._UPC."

     255:                  {
     256:                      Return (GUPC (DerefOf (UHSD [0x0A]), Zero))

0000044A:  A4 .....................    "."
0000044B:  47 55 50 43 ............    "GUPC"
0000044F:  83 .....................    "."
00000450:  88 55 48 53 44 0A 0A 00     ".UHSD..."
00000458:  00 .....................    "."

     257:                  }
     259:                  Method (_PLD, 0, Serialized)  // _PLD: Physical Location of Device

00000459:  14 16 5F 50 4C 44 08 ...    ".._PLD."

     260:                  {
     261:                      Return (GPLD (DerefOf (UHSD [0x0A]), 0x0B))

00000460:  A4 .....................    "."
00000461:  47 50 4C 44 ............    "GPLD"
00000465:  83 .....................    "."
00000466:  88 55 48 53 44 0A 0A 00     ".UHSD..."
0000046E:  0A 0B ..................    ".."

     262:                  }
     263:              }
     265:              Device (HS10)

00000470:  5B 82 3A 48 53 31 30 ...    "[.:HS10"

     266:              {
     267:                  Name (_ADR, 0x0A)  // _ADR: Address

00000477:  08 5F 41 44 52 0A 0A ...    "._ADR.."

     268:                  Method (_UPC, 0, Serialized)  // _UPC: USB Port Capabilities

0000047E:  14 16 5F 55 50 43 08 ...    ".._UPC."

     269:                  {
     270:                      Return (GUPC (DerefOf (UHSD [0x0B]), 0xFF))

00000485:  A4 .....................    "."
00000486:  47 55 50 43 ............    "GUPC"
0000048A:  83 .....................    "."
0000048B:  88 55 48 53 44 0A 0B 00     ".UHSD..."
00000493:  0A FF ..................    ".."

     271:                  }
     273:                  Method (_PLD, 0, Serialized)  // _PLD: Physical Location of Device

00000495:  14 16 5F 50 4C 44 08 ...    ".._PLD."

     274:                  {
     275:                      Return (GPLD (DerefOf (UHSD [0x0B]), 0x0C))

0000049C:  A4 .....................    "."
0000049D:  47 50 4C 44 ............    "GPLD"
000004A1:  83 .....................    "."
000004A2:  88 55 48 53 44 0A 0B 00     ".UHSD..."
000004AA:  0A 0C ..................    ".."

     276:                  }
     277:              }
     279:              Device (SS01)

000004AC:  5B 82 37 53 53 30 31 ...    "[.7SS01"

     280:              {
     281:                  Name (_ADR, 0x10)  // _ADR: Address

000004B3:  08 5F 41 44 52 0A 10 ...    "._ADR.."

     282:                  Method (_UPC, 0, Serialized)  // _UPC: USB Port Capabilities

000004BA:  14 15 5F 55 50 43 08 ...    ".._UPC."

     283:                  {
     284:                      Return (GUPC (DerefOf (USSD [Zero]), 0x03))

000004C1:  A4 .....................    "."
000004C2:  47 55 50 43 ............    "GUPC"
000004C6:  83 .....................    "."
000004C7:  88 55 53 53 44 00 00 0A     ".USSD..."
000004CF:  03 .....................    "."

     285:                  }
     287:                  Method (_PLD, 0, Serialized)  // _PLD: Physical Location of Device

000004D0:  14 14 5F 50 4C 44 08 ...    ".._PLD."

     288:                  {
     289:                      Return (GPLD (DerefOf (USSD [Zero]), One))

000004D7:  A4 .....................    "."
000004D8:  47 50 4C 44 ............    "GPLD"
000004DC:  83 .....................    "."
000004DD:  88 55 53 53 44 00 00 01     ".USSD..."

     290:                  }
     291:              }
     293:              Device (SS02)

000004E5:  5B 82 38 53 53 30 32 ...    "[.8SS02"

     294:              {
     295:                  Name (_ADR, 0x11)  // _ADR: Address

000004EC:  08 5F 41 44 52 0A 11 ...    "._ADR.."

     296:                  Method (_UPC, 0, Serialized)  // _UPC: USB Port Capabilities

000004F3:  14 15 5F 55 50 43 08 ...    ".._UPC."

     297:                  {
     298:                      Return (GUPC (DerefOf (USSD [One]), 0x03))

000004FA:  A4 .....................    "."
000004FB:  47 55 50 43 ............    "GUPC"
000004FF:  83 .....................    "."
00000500:  88 55 53 53 44 01 00 0A     ".USSD..."
00000508:  03 .....................    "."

     299:                  }
     301:                  Method (_PLD, 0, Serialized)  // _PLD: Physical Location of Device

00000509:  14 15 5F 50 4C 44 08 ...    ".._PLD."

     302:                  {
     303:                      Return (GPLD (DerefOf (USSD [One]), 0x02))

00000510:  A4 .....................    "."
00000511:  47 50 4C 44 ............    "GPLD"
00000515:  83 .....................    "."
00000516:  88 55 53 53 44 01 00 0A     ".USSD..."
0000051E:  02 .....................    "."

     304:                  }
     305:              }
     307:              Device (SS03)

0000051F:  5B 82 3A 53 53 30 33 ...    "[.:SS03"

     308:              {
     309:                  Name (_ADR, 0x12)  // _ADR: Address

00000526:  08 5F 41 44 52 0A 12 ...    "._ADR.."

     310:                  Method (_UPC, 0, Serialized)  // _UPC: USB Port Capabilities

0000052D:  14 16 5F 55 50 43 08 ...    ".._UPC."

     311:                  {
     312:                      Return (GUPC (DerefOf (USSD [0x02]), 0x03))

00000534:  A4 .....................    "."
00000535:  47 55 50 43 ............    "GUPC"
00000539:  83 .....................    "."
0000053A:  88 55 53 53 44 0A 02 00     ".USSD..."
00000542:  0A 03 ..................    ".."

     313:                  }
     315:                  Method (_PLD, 0, Serialized)  // _PLD: Physical Location of Device

00000544:  14 16 5F 50 4C 44 08 ...    ".._PLD."

     316:                  {
     317:                      Return (GPLD (DerefOf (USSD [0x02]), 0x03))

0000054B:  A4 .....................    "."
0000054C:  47 50 4C 44 ............    "GPLD"
00000550:  83 .....................    "."
00000551:  88 55 53 53 44 0A 02 00     ".USSD..."
00000559:  0A 03 ..................    ".."

     318:                  }
     319:              }
     321:              Device (SS04)

0000055B:  5B 82 3A 53 53 30 34 ...    "[.:SS04"

     322:              {
     323:                  Name (_ADR, 0x13)  // _ADR: Address

00000562:  08 5F 41 44 52 0A 13 ...    "._ADR.."

     324:                  Method (_UPC, 0, Serialized)  // _UPC: USB Port Capabilities

00000569:  14 16 5F 55 50 43 08 ...    ".._UPC."

     325:                  {
     326:                      Return (GUPC (DerefOf (USSD [0x03]), 0x03))

00000570:  A4 .....................    "."
00000571:  47 55 50 43 ............    "GUPC"
00000575:  83 .....................    "."
00000576:  88 55 53 53 44 0A 03 00     ".USSD..."
0000057E:  0A 03 ..................    ".."

     327:                  }
     329:                  Method (_PLD, 0, Serialized)  // _PLD: Physical Location of Device

00000580:  14 16 5F 50 4C 44 08 ...    ".._PLD."

     330:                  {
     331:                      Return (GPLD (DerefOf (USSD [0x03]), 0x04))

00000587:  A4 .....................    "."
00000588:  47 50 4C 44 ............    "GPLD"
0000058C:  83 .....................    "."
0000058D:  88 55 53 53 44 0A 03 00     ".USSD..."
00000595:  0A 04 ..................    ".."

     332:                  }
     333:              }
     335:              Device (SS05)

00000597:  5B 82 3A 53 53 30 35 ...    "[.:SS05"

     336:              {
     337:                  Name (_ADR, 0x14)  // _ADR: Address

0000059E:  08 5F 41 44 52 0A 14 ...    "._ADR.."

     338:                  Method (_UPC, 0, Serialized)  // _UPC: USB Port Capabilities

000005A5:  14 16 5F 55 50 43 08 ...    ".._UPC."

     339:                  {
     340:                      Return (GUPC (DerefOf (USSD [0x04]), 0x03))

000005AC:  A4 .....................    "."
000005AD:  47 55 50 43 ............    "GUPC"
000005B1:  83 .....................    "."
000005B2:  88 55 53 53 44 0A 04 00     ".USSD..."
000005BA:  0A 03 ..................    ".."

     341:                  }
     343:                  Method (_PLD, 0, Serialized)  // _PLD: Physical Location of Device

000005BC:  14 16 5F 50 4C 44 08 ...    ".._PLD."

     344:                  {
     345:                      Return (GPLD (DerefOf (USSD [0x04]), 0x05))

000005C3:  A4 .....................    "."
000005C4:  47 50 4C 44 ............    "GPLD"
000005C8:  83 .....................    "."
000005C9:  88 55 53 53 44 0A 04 00     ".USSD..."
000005D1:  0A 05 ..................    ".."

     346:                  }
     347:              }
     349:              Device (SS06)

000005D3:  5B 82 3A 53 53 30 36 ...    "[.:SS06"

     350:              {
     351:                  Name (_ADR, 0x15)  // _ADR: Address

000005DA:  08 5F 41 44 52 0A 15 ...    "._ADR.."

     352:                  Method (_UPC, 0, Serialized)  // _UPC: USB Port Capabilities

000005E1:  14 16 5F 55 50 43 08 ...    ".._UPC."

     353:                  {
     354:                      Return (GUPC (DerefOf (USSD [0x05]), 0x03))

000005E8:  A4 .....................    "."
000005E9:  47 55 50 43 ............    "GUPC"
000005ED:  83 .....................    "."
000005EE:  88 55 53 53 44 0A 05 00     ".USSD..."
000005F6:  0A 03 ..................    ".."

     355:                  }
     357:                  Method (_PLD, 0, Serialized)  // _PLD: Physical Location of Device

000005F8:  14 16 5F 50 4C 44 08 ...    ".._PLD."

     358:                  {
     359:                      Return (GPLD (DerefOf (USSD [0x05]), 0x06))

000005FF:  A4 .....................    "."
00000600:  47 50 4C 44 ............    "GPLD"
00000604:  83 .....................    "."
00000605:  88 55 53 53 44 0A 05 00     ".USSD..."
0000060D:  0A 06 ..................    ".."
     360:                  }
     361:              }
     362:          }
     363:      }
     364:  }



Summary of errors and warnings


ASL+ Optimizing Compiler version 20160422-64 [Apr 22 2016]

ASL Input:     SSDT-XHUB.asl - 367 lines, 11081 bytes, 234 keywords
AML Output:    SSDT-XHUB.aml - 1551 bytes, 94 named objects, 140 executable opcodes
Listing File:  SSDT-XHUB.lst - 31350 bytes

Compilation complete. 0 Errors, 0 Warnings, 0 Remarks, 1 Optimizations

