
Intel ACPI Component Architecture
ASL+ Optimizing Compiler version 20160422-64(RM)
Copyright (c) 2000 - 2016 Intel Corporation

Compilation of "SSDT-PLUG.asl" - Wed Jan  7 12:03:48 2026

       1:  DefinitionBlock ("", "SSDT", 2, "HACK", "PLUG", 0x00000000)

00000000:  53 53 44 54 73 00 00 00     "SSDTs..."
00000008:  02 6D 48 41 43 4B 00 00     ".mHACK.."
00000010:  50 4C 55 47 00 00 00 00     "PLUG...."
00000018:  00 00 00 00 49 4E 54 4C     "....INTL"
00000020:  22 04 16 20 ............    "".. "
00000024:  A0 0E 00 ...............    "..."
00000027:  15 2E 5F 53 42 5F 50 52     ".._SB_PR"
0000002F:  30 30 0C 00 ............    "00.."

       2:  {
       3:      External (_SB_.PR00, ProcessorObj)
       5:      Scope (\_SB.PR00)

00000033:  10 3F 5C 2E 5F 53 42 5F     ".?\._SB_"
0000003B:  50 52 30 30 ............    "PR00"

       6:      {
       7:          Method (_DSM, 4, NotSerialized)  // _DSM: Device-Specific Method

0000003F:  14 33 5F 44 53 4D 04 ...    ".3_DSM."

       8:          {
       9:              If (_OSI ("Darwin"))

00000046:  A0 28 ..................    ".("
00000048:  5F 4F 53 49 0D 44 61 72     "_OSI.Dar"
00000050:  77 69 6E 00 ............    "win."

      10:              {
      11:                  If (!Arg2)

00000054:  A0 08 ..................    ".."
00000056:  92 6A ..................    ".j"

      12:                  {
      13:                      Return (Buffer (One)

00000058:  A4 .....................    "."
00000059:  11 03 01 03 ............    "...."

      14:                      {
      15:                           0x03
      16:                      })
      17:                  }
      19:                  Return (Package (0x02)

0000005D:  A4 .....................    "."
0000005E:  12 10 02 0D 70 6C 75 67     "....plug"
00000066:  69 6E 2D 74 79 70 65 00     "in-type."
0000006E:  01 .....................    "."

      20:                  {
      21:                      "plugin-type",
      22:                      One
      23:                  })
      24:              }
      26:              Return (Buffer (One) {})

0000006F:  A4 .....................    "."
00000070:  11 02 01 ...............    "..."
      27:          }
      28:      }
      29:  }



Summary of errors and warnings


ASL+ Optimizing Compiler version 20160422-64 [Apr 22 2016]

ASL Input:     SSDT-PLUG.asl - 31 lines, 645 bytes, 8 keywords
AML Output:    SSDT-PLUG.aml - 115 bytes, 2 named objects, 6 executable opcodes
Listing File:  SSDT-PLUG.lst - 2493 bytes

Compilation complete. 0 Errors, 0 Warnings, 0 Remarks, 0 Optimizations

