
Intel ACPI Component Architecture
ASL+ Optimizing Compiler version 20160422-64(RM)
Copyright (c) 2000 - 2016 Intel Corporation

Compilation of "SSDT-PRW.asl" - Fri May 16 10:46:24 2025

       1:  DefinitionBlock ("", "SSDT", 2, "HACK", "PRW", 0x00000000)

00000000:  53 53 44 54 B0 01 00 00     "SSDT...."
00000008:  02 4B 48 41 43 4B 00 00     ".KHACK.."
00000010:  50 52 57 00 00 00 00 00     "PRW....."
00000018:  00 00 00 00 49 4E 54 4C     "....INTL"
00000020:  22 04 16 20 ............    "".. "
00000024:  A0 4F 09 00 ............    ".O.."
00000028:  15 2F 03 5F 53 42 5F 50     "./._SB_P"
00000030:  43 49 30 43 4E 56 57 06     "CI0CNVW."
00000038:  00 .....................    "."
00000039:  15 .....................    "."
0000003A:  5C 2F 04 5F 53 42 5F 50     "\/._SB_P"
00000042:  43 49 30 43 4E 56 57 58     "CI0CNVWX"
0000004A:  50 52 57 08 00 .........    "PRW.."
0000004F:  15 2F 03 5F 53 42 5F 50     "./._SB_P"
00000057:  43 49 30 48 44 45 46 06     "CI0HDEF."
0000005F:  00 .....................    "."
00000060:  15 .....................    "."
00000061:  5C 2F 04 5F 53 42 5F 50     "\/._SB_P"
00000069:  43 49 30 48 44 45 46 58     "CI0HDEFX"
00000071:  50 52 57 08 00 .........    "PRW.."
00000076:  15 2F 03 5F 53 42 5F 50     "./._SB_P"
0000007E:  43 49 30 58 44 43 49 06     "CI0XDCI."
00000086:  00 .....................    "."
00000087:  15 .....................    "."
00000088:  5C 2F 04 5F 53 42 5F 50     "\/._SB_P"
00000090:  43 49 30 58 44 43 49 58     "CI0XDCIX"
00000098:  50 52 57 08 00 .........    "PRW.."
0000009D:  15 2F 03 5F 53 42 5F 50     "./._SB_P"
000000A5:  43 49 30 58 48 43 5F 06     "CI0XHC_."
000000AD:  00 .....................    "."
000000AE:  15 .....................    "."
000000AF:  5C 2F 04 5F 53 42 5F 50     "\/._SB_P"
000000B7:  43 49 30 58 48 43 5F 58     "CI0XHC_X"
000000BF:  50 52 57 08 00 .........    "PRW.."

       2:  {
       3:      External (_SB_.PCI0.CNVW, DeviceObj)
       4:      External (_SB_.PCI0.CNVW.XPRW, MethodObj)
       5:      External (_SB_.PCI0.HDEF, DeviceObj)
       6:      External (_SB_.PCI0.HDEF.XPRW, MethodObj)
       7:      External (_SB_.PCI0.XDCI, DeviceObj)
       8:      External (_SB_.PCI0.XDCI.XPRW, MethodObj)
       9:      External (_SB_.PCI0.XHC_, DeviceObj)
      10:      External (_SB_.PCI0.XHC_.XPRW, MethodObj)
      12:      Scope (\_SB.PCI0.XHC)

000000C4:  10 3A 5C 2F 03 5F 53 42     ".:\/._SB"
000000CC:  5F 50 43 49 30 58 48 43     "_PCI0XHC"
000000D4:  5F .....................    "_"

      13:      {
      14:          Method (_PRW, 0, NotSerialized)  // _PRW: Power Resources for Wake

000000D5:  14 29 5F 50 52 57 00 ...    ".)_PRW."

      15:          {
      16:              If (_OSI ("Darwin"))

000000DC:  A0 1C ..................    ".."
000000DE:  5F 4F 53 49 0D 44 61 72     "_OSI.Dar"
000000E6:  77 69 6E 00 ............    "win."

      17:              {
      18:                  Local0 = ^XPRW ()

000000EA:  70 .....................    "p"
000000EB:  5E 58 50 52 57 60 ......    "^XPRW`"

      19:                  Local0 [One] = Zero

000000F1:  70 00 ..................    "p."
000000F3:  88 60 01 00 ............    ".`.."

      20:                  Return (Local0)

000000F7:  A4 60 ..................    ".`"

      21:              }
      23:              Return (^XPRW ())

000000F9:  A4 .....................    "."
000000FA:  5E 58 50 52 57 .........    "^XPRW"

      24:          }
      25:      }
      27:      Scope (\_SB.PCI0.XDCI)

000000FF:  10 3A 5C 2F 03 5F 53 42     ".:\/._SB"
00000107:  5F 50 43 49 30 58 44 43     "_PCI0XDC"
0000010F:  49 .....................    "I"

      28:      {
      29:          Method (_PRW, 0, NotSerialized)  // _PRW: Power Resources for Wake

00000110:  14 29 5F 50 52 57 00 ...    ".)_PRW."

      30:          {
      31:              If (_OSI ("Darwin"))

00000117:  A0 1C ..................    ".."
00000119:  5F 4F 53 49 0D 44 61 72     "_OSI.Dar"
00000121:  77 69 6E 00 ............    "win."

      32:              {
      33:                  Local0 = ^XPRW ()

00000125:  70 .....................    "p"
00000126:  5E 58 50 52 57 60 ......    "^XPRW`"

      34:                  Local0 [One] = Zero

0000012C:  70 00 ..................    "p."
0000012E:  88 60 01 00 ............    ".`.."

      35:                  Return (Local0)

00000132:  A4 60 ..................    ".`"

      36:              }
      38:              Return (^XPRW ())

00000134:  A4 .....................    "."
00000135:  5E 58 50 52 57 .........    "^XPRW"

      39:          }
      40:      }
      42:      Scope (\_SB.PCI0.HDEF)

0000013A:  10 3A 5C 2F 03 5F 53 42     ".:\/._SB"
00000142:  5F 50 43 49 30 48 44 45     "_PCI0HDE"
0000014A:  46 .....................    "F"

      43:      {
      44:          Method (_PRW, 0, NotSerialized)  // _PRW: Power Resources for Wake

0000014B:  14 29 5F 50 52 57 00 ...    ".)_PRW."

      45:          {
      46:              If (_OSI ("Darwin"))

00000152:  A0 1C ..................    ".."
00000154:  5F 4F 53 49 0D 44 61 72     "_OSI.Dar"
0000015C:  77 69 6E 00 ............    "win."

      47:              {
      48:                  Local0 = ^XPRW ()

00000160:  70 .....................    "p"
00000161:  5E 58 50 52 57 60 ......    "^XPRW`"

      49:                  Local0 [One] = Zero

00000167:  70 00 ..................    "p."
00000169:  88 60 01 00 ............    ".`.."

      50:                  Return (Local0)

0000016D:  A4 60 ..................    ".`"

      51:              }
      53:              Return (^XPRW ())

0000016F:  A4 .....................    "."
00000170:  5E 58 50 52 57 .........    "^XPRW"

      54:          }
      55:      }
      57:      Scope (\_SB.PCI0.CNVW)

00000175:  10 3A 5C 2F 03 5F 53 42     ".:\/._SB"
0000017D:  5F 50 43 49 30 43 4E 56     "_PCI0CNV"
00000185:  57 .....................    "W"

      58:      {
      59:          Method (_PRW, 0, NotSerialized)  // _PRW: Power Resources for Wake

00000186:  14 29 5F 50 52 57 00 ...    ".)_PRW."

      60:          {
      61:              If (_OSI ("Darwin"))

0000018D:  A0 1C ..................    ".."
0000018F:  5F 4F 53 49 0D 44 61 72     "_OSI.Dar"
00000197:  77 69 6E 00 ............    "win."

      62:              {
      63:                  Local0 = ^XPRW ()

0000019B:  70 .....................    "p"
0000019C:  5E 58 50 52 57 60 ......    "^XPRW`"

      64:                  Local0 [One] = Zero

000001A2:  70 00 ..................    "p."
000001A4:  88 60 01 00 ............    ".`.."

      65:                  Return (Local0)

000001A8:  A4 60 ..................    ".`"

      66:              }
      68:              Return (^XPRW ())

000001AA:  A4 .....................    "."
000001AB:  5E 58 50 52 57 .........    "^XPRW"
      69:          }
      70:      }
      71:  }



Summary of errors and warnings


ASL+ Optimizing Compiler version 20160422-64 [Apr 22 2016]

ASL Input:     SSDT-PRW.asl - 73 lines, 1726 bytes, 32 keywords
AML Output:    SSDT-PRW.aml - 432 bytes, 8 named objects, 24 executable opcodes
Listing File:  SSDT-PRW.lst - 7107 bytes

Compilation complete. 0 Errors, 0 Warnings, 0 Remarks, 0 Optimizations

