
Intel ACPI Component Architecture
ASL+ Optimizing Compiler version 20160422-64(RM)
Copyright (c) 2000 - 2016 Intel Corporation

Compilation of "SSDT-XOSI.asl" - Tue Jan 27 15:49:13 2026

       1:  DefinitionBlock ("", "SSDT", 2, "HACK", "XOSI", 0x00000000)

00000000:  53 53 44 54 60 00 00 00     "SSDT`..."
00000008:  02 FD 48 41 43 4B 00 00     "..HACK.."
00000010:  58 4F 53 49 00 00 00 00     "XOSI...."
00000018:  00 00 00 00 49 4E 54 4C     "....INTL"
00000020:  22 04 16 20 ............    "".. "

       2:  {
       3:      Scope (\)

00000024:  10 3B 5C 00 ............    ".;\."

       4:      {
       5:          Method (XOSI, 1, NotSerialized)

00000028:  14 37 58 4F 53 49 01 ...    ".7XOSI."

       6:          {
       7:              If (_OSI ("Darwin"))

0000002F:  A0 28 ..................    ".("
00000031:  5F 4F 53 49 0D 44 61 72     "_OSI.Dar"
00000039:  77 69 6E 00 ............    "win."

       8:              {
       9:                  Return ((Match (Package (One)

0000003D:  A4 92 93 ...............    "..."
00000040:  89 .....................    "."
00000041:  12 10 01 0D 57 69 6E 64     "....Wind"
00000049:  6F 77 73 20 32 30 31 36     "ows 2016"
00000051:  00 01 68 00 00 00 FF ...    "..h...."

      10:                              {
      11:                                  "Windows 2016"
      12:                              }, MEQ, Arg0, MTR, Zero, Zero) != Ones))
      13:              }
      14:              Else
      15:              {
      16:                  Return (_OSI (Arg0))

00000058:  A1 07 ..................    ".."
0000005A:  A4 .....................    "."
0000005B:  5F 4F 53 49 68 .........    "_OSIh"
      17:              }
      18:          }
      19:      }
      20:  }



Summary of errors and warnings


ASL+ Optimizing Compiler version 20160422-64 [Apr 22 2016]

ASL Input:     SSDT-XOSI.asl - 22 lines, 485 bytes, 8 keywords
AML Output:    SSDT-XOSI.aml - 96 bytes, 2 named objects, 6 executable opcodes
Listing File:  SSDT-XOSI.lst - 1994 bytes

Compilation complete. 0 Errors, 0 Warnings, 0 Remarks, 0 Optimizations

